// Jest Snapshot v1, https://goo.gl/fbAQLP

exports[`getCutoffMoment gives correct cutoff moment for various combinations 1`] = `"2015-10-29T00:00:00.000Z"`;

exports[`getCutoffMoment gives correct cutoff moment for various combinations 2`] = `"2015-12-29T00:00:00.000Z"`;

exports[`getCutoffMoment gives correct cutoff moment for various combinations 3`] = `"2016-10-29T00:00:00.000Z"`;

exports[`getCutoffMoment gives correct cutoff moment for various combinations 4`] = `"2015-11-01T00:00:00.000Z"`;

exports[`getCutoffMoment recognizes \`d\` token 1`] = `"2016-12-31T00:00:00.000Z"`;

exports[`getCutoffMoment recognizes \`m\` token 1`] = `"2016-12-01T00:00:00.000Z"`;

exports[`getCutoffMoment recognizes \`y\` token 1`] = `"2016-01-01T00:00:00.000Z"`;
